 0(7574) INFO: <core> [core/sctp_core.c:74]: sctp_core_check_support(): SCTP API not enabled - if you want to use it, load sctp module
 0(7574) WARNING: <core> [core/socket_info.c:1773]: fix_hostname(): could not rev. resolve 10.0.0.10
 0(7574) INFO: <core> [core/tcp_main.c:5205]: init_tcp(): using epoll_lt as the io watch method (auto detected)
Listening on 
             udp: 10.0.0.10:5060
Aliases: 
             *: pcscf.ims.lab:*

 0(7577) INFO: rr [../outbound/api.h:53]: ob_load_api(): unable to import bind_ob - maybe module is not loaded
 0(7577) INFO: rr [rr_mod.c:185]: mod_init(): outbound module not available
 0(7577) INFO: path [../outbound/api.h:53]: ob_load_api(): unable to import bind_ob - maybe module is not loaded
 0(7577) INFO: path [path_mod.c:148]: mod_init(): outbound module not available
 0(7577) INFO: <core> [main.c:3189]: main(): processes (at least): 7 - shm size: 67108864 - pkg size: 8388608
 0(7577) INFO: <core> [core/udp_server.c:163]: probe_max_receive_buffer(): SO_RCVBUF is initially 1048576 for fd 4
 0(7577) INFO: <core> [core/udp_server.c:233]: probe_max_receive_buffer(): SO_RCVBUF is finally 1048576 on fd 4
 1(7579) INFO: <script>: P-CSCF: REGISTER sip:1001@ims.lab -> S-CSCF
 1(7579) INFO: <script>: P-CSCF: REGISTER sip:1001@ims.lab -> S-CSCF
 1(7579) INFO: <script>: P-CSCF: REGISTER sip:1002@ims.lab -> S-CSCF
 1(7579) INFO: <script>: P-CSCF: REGISTER sip:1002@ims.lab -> S-CSCF
 1(7579) INFO: <script>: P-CSCF: REGISTER sip:1003@ims.lab -> S-CSCF
 1(7579) INFO: <script>: P-CSCF: REGISTER sip:1003@ims.lab -> S-CSCF
 1(7579) INFO: <script>: P-CSCF: REGISTER sip:1004@ims.lab -> S-CSCF
 1(7579) INFO: <script>: P-CSCF: REGISTER sip:1004@ims.lab -> S-CSCF
 1(7579) INFO: <script>: P-CSCF: originating INVITE sip:1001@ims.lab -> sip:1003@ims.lab
 2(7580) INFO: <script>: P-CSCF: originating INVITE sip:1001@ims.lab -> sip:1003@ims.lab
 2(7580) INFO: <script>: P-CSCF: originating INVITE sip:1001@ims.lab -> sip:1003@ims.lab
 2(7580) INFO: <script>: P-CSCF: originating INVITE sip:1001@ims.lab -> sip:1003@ims.lab
 1(7579) INFO: <script>: P-CSCF: originating INVITE sip:1001@ims.lab -> sip:1003@ims.lab
 2(7580) INFO: <script>: P-CSCF: originating INVITE sip:1001@ims.lab -> sip:1003@ims.lab
 1(7579) INFO: <script>: P-CSCF: originating INVITE sip:1001@ims.lab -> sip:1003@ims.lab
 1(7579) INFO: <script>: P-CSCF: originating INVITE sip:1001@ims.lab -> sip:1003@ims.lab
 2(7580) INFO: <script>: P-CSCF: originating INVITE sip:1001@ims.lab -> sip:1003@ims.lab
